02-10 11:57:05.081   176   176 D SurfaceFlinger: ARPARA --- mark --- 2022-02-10: doCompositionFinished of display: DisplayDevice{0, primary, "Internal display"}
02-10 11:57:05.081   176   176 D SurfaceFlinger: ARPARA --- mark --- 2022-02-10: ------------------------------------------------------
02-10 11:57:59.689   176   650 I SurfaceFlinger: IMX_VR -------- createLayer for aa9b605 SnapshotStartingWindow for taskId=49 use (0 x 0), flags=80004, isVr=0
02-10 11:57:59.691   176   191 I SurfaceFlinger: IMX_VR -------- createLayer for SnapshotStartingWindow for taskId=49 use (1920 x 1080), flags=4, isVr=0
02-10 11:57:59.691   176   176 D SurfaceFlinger: ARPARA --- mark --- 2022-02-10: beginnFrame of display: DisplayDevice{virtual, "Overlay #1"}
02-10 11:57:59.692   176   176 D SurfaceFlinger: ARPARA --- mark --- 2022-02-10: prepareFrame of display: DisplayDevice{virtual, "Overlay #1"}
02-10 11:57:59.692   176   176 D SurfaceFlinger: ARPARA --- mark --- 2022-02-10: doDebugFlashRegions of display: DisplayDevice{virtual, "Overlay #1"}
02-10 11:57:59.692   176   176 D SurfaceFlinger: ARPARA --- mark --- 2022-02-10: doComposition of display: DisplayDevice{virtual, "Overlay #1"}
02-10 11:57:59.692   176   176 D SurfaceFlinger: ARPARA --- mark --- 2022-02-10: doCompositionFinished of display: DisplayDevice{virtual, "Overlay #1"}
02-10 11:57:59.692   176   176 D SurfaceFlinger: ARPARA --- mark --- 2022-02-10: ------------------------------------------------------
02-10 11:57:59.692   176   176 D SurfaceFlinger: ARPARA --- mark --- 2022-02-10: beginnFrame of display: DisplayDevice{virtual, "scrcpy"}
02-10 11:57:59.692   176   176 D SurfaceFlinger: ARPARA --- mark --- 2022-02-10: prepareFrame of display: DisplayDevice{virtual, "scrcpy"}
02-10 11:57:59.692   176   176 D SurfaceFlinger: ARPARA --- mark --- 2022-02-10: doDebugFlashRegions of display: DisplayDevice{virtual, "scrcpy"}
02-10 11:57:59.692   176   176 D SurfaceFlinger: ARPARA --- mark --- 2022-02-10: doComposition of display: DisplayDevice{virtual, "scrcpy"}
02-10 11:57:59.692   176   176 D SurfaceFlinger: IMX_VR -------- Layer: com.android.systemui.ImageWallpaper#0 isVr=0
02-10 11:57:59.692   176   176 D SurfaceFlinger: IMX_VR -------- Layer: com.android.launcher3/com.android.launcher3.Launcher#0 isVr=0
02-10 11:57:59.692   176   176 D SurfaceFlinger: IMX_VR -------- Layer: StatusBar#0 isVr=0
02-10 11:57:59.692   176   176 D SurfaceFlinger: IMX_VR -------- Layer: NavigationBar0#0 isVr=0
02-10 11:57:59.692   176   176 D SurfaceFlinger: IMX_VR -------- Layer: Overlay #1: 1920x1080, 320 dpi#0 isVr=0
02-10 11:57:59.701   176   191 I SurfaceFlinger: IMX_VR -------- createLayer for Surface(name=AppWindowToken{40be1d9 token=Token{14af420 ActivityRecord{8435723 u0 com.android.settings/.Settings t45}}})/@0x9484f13 - animation-leash use (0 x 0), flags=80004, isVr=0
02-10 11:57:59.702   176   191 I SurfaceFlinger: IMX_VR -------- createLayer for Surface(name=AppWindowToken{40be1d9 token=Token{14af420 ActivityRecord{8435723 u0 com.android.settings/.Settings t45}}})/@0x9484f13 - animation-bounds use (0 x 0), flags=80004, isVr=0
02-10 11:57:59.705   176   650 I SurfaceFlinger: IMX_VR -------- createLayer for Surface(name=AppWindowToken{b78261f token=Token{c4425be ActivityRecord{c4df479 u0 com.android.gallery3d/.app.GalleryActivity t49}}})/@0x8fcd50f - animation-leash use (0 x 0), flags=80004, isVr=0
02-10 11:57:59.706   176   191 I SurfaceFlinger: IMX_VR -------- createLayer for Surface(name=AppWindowToken{b78261f token=Token{c4425be ActivityRecord{c4df479 u0 com.android.gallery3d/.app.GalleryActivity t49}}})/@0x8fcd50f - animation-bounds use (0 x 0), flags=80004, isVr=0
02-10 11:57:59.714   176   176 D SurfaceFlinger: ARPARA --- mark --- 2022-02-10: doCompositionFinished of display: DisplayDevice{virtual, "scrcpy"}
02-10 11:57:59.714   176   176 D SurfaceFlinger: ARPARA --- mark --- 2022-02-10: ------------------------------------------------------
02-10 11:57:59.714   176   176 D SurfaceFlinger: ARPARA --- mark --- 2022-02-10: beginnFrame of display: DisplayDevice{0, primary, "Internal display"}
02-10 11:57:59.714   176   176 D SurfaceFlinger: ARPARA --- mark --- 2022-02-10: prepareFrame of display: DisplayDevice{0, primary, "Internal display"}
02-10 11:57:59.716   176   176 D SurfaceFlinger: ARPARA --- mark --- 2022-02-10: doDebugFlashRegions of display: DisplayDevice{0, primary, "Internal display"}
02-10 11:57:59.716   176   176 D SurfaceFlinger: ARPARA --- mark --- 2022-02-10: doComposition of display: DisplayDevice{0, primary, "Internal display"}
02-10 11:57:59.716   176   176 D SurfaceFlinger: IMX_VR -------- Layer: com.android.systemui.ImageWallpaper#0 isVr=0
02-10 11:57:59.716   176   176 D SurfaceFlinger: IMX_VR -------- Layer: com.android.launcher3/com.android.launcher3.Launcher#0 isVr=0
02-10 11:57:59.716   176   176 D SurfaceFlinger: IMX_VR -------- Layer: StatusBar#0 isVr=0
02-10 11:57:59.716   176   176 D SurfaceFlinger: IMX_VR -------- Layer: NavigationBar0#0 isVr=0
02-10 11:57:59.716   176   176 D SurfaceFlinger: IMX_VR -------- Layer: Overlay #1: 1920x1080, 320 dpi#0 isVr=0
02-10 11:57:59.716   176   176 D SurfaceFlinger: ARPARA --- mark --- 2022-02-10: doCompositionFinished of display: DisplayDevice{0, primary, "Internal display"}
02-10 11:57:59.716   176   176 D SurfaceFlinger: ARPARA --- mark --- 2022-02-10: ------------------------------------------------------
02-10 11:57:59.723   176   176 D SurfaceFlinger: ARPARA --- mark --- 2022-02-10: beginnFrame of display: DisplayDevice{virtual, "Overlay #1"}
02-10 11:57:59.723   176   176 D SurfaceFlinger: ARPARA --- mark --- 2022-02-10: prepareFrame of display: DisplayDevice{virtual, "Overlay #1"}
02-10 11:57:59.723   176   176 D SurfaceFlinger: ARPARA --- mark --- 2022-02-10: doDebugFlashRegions of display: DisplayDevice{virtual, "Overlay #1"}
02-10 11:57:59.723   176   176 D SurfaceFlinger: ARPARA --- mark --- 2022-02-10: doComposition of display: DisplayDevice{virtual, "Overlay #1"}
02-10 11:57:59.723   176   176 D SurfaceFlinger: IMX_VR -------- Layer: com.android.settings/com.android.settings.Settings#0 isVr=0
02-10 11:57:59.727   176   176 D SurfaceFlinger: ARPARA --- mark --- 2022-02-10: doCompositionFinished of display: DisplayDevice{virtual, "Overlay #1"}
02-10 11:57:59.727   176   176 D SurfaceFlinger: ARPARA --- mark --- 2022-02-10: ------------------------------------------------------
02-10 11:57:59.727   176   176 D SurfaceFlinger: ARPARA --- mark --- 2022-02-10: beginnFrame of display: DisplayDevice{virtual, "scrcpy"}
02-10 11:57:59.727   176   176 D SurfaceFlinger: ARPARA --- mark --- 2022-02-10: prepareFrame of display: DisplayDevice{virtual, "scrcpy"}
02-10 11:57:59.727   176   176 D SurfaceFlinger: ARPARA --- mark --- 2022-02-10: doDebugFlashRegions of display: DisplayDevice{virtual, "scrcpy"}
02-10 11:57:59.727   176   176 D SurfaceFlinger: ARPARA --- mark --- 2022-02-10: doComposition of display: DisplayDevice{virtual, "scrcpy"}
02-10 11:57:59.728   176   176 D SurfaceFlinger: IMX_VR -------- Layer: com.android.systemui.ImageWallpaper#0 isVr=0
02-10 11:57:59.729   176   176 D SurfaceFlinger: IMX_VR -------- Layer: com.android.launcher3/com.android.launcher3.Launcher#0 isVr=0
02-10 11:57:59.729   176   176 D SurfaceFlinger: IMX_VR -------- Layer: StatusBar#0 isVr=0
02-10 11:57:59.729   176   176 D SurfaceFlinger: IMX_VR -------- Layer: NavigationBar0#0 isVr=0
02-10 11:57:59.729   176   176 D SurfaceFlinger: IMX_VR -------- Layer: Overlay #1: 1920x1080, 320 dpi#0 isVr=0
02-10 11:57:59.748   176   176 D SurfaceFlinger: ARPARA --- mark --- 2022-02-10: doCompositionFinished of display: DisplayDevice{virtual, "scrcpy"}
02-10 11:57:59.748   176   176 D SurfaceFlinger: ARPARA --- mark --- 2022-02-10: ------------------------------------------------------
02-10 11:57:59.748   176   176 D SurfaceFlinger: ARPARA --- mark --- 2022-02-10: beginnFrame of display: DisplayDevice{0, primary, "Internal display"}
02-10 11:57:59.749   176   176 D SurfaceFlinger: ARPARA --- mark --- 2022-02-10: prepareFrame of display: DisplayDevice{0, primary, "Internal display"}
02-10 11:57:59.751   176   176 D SurfaceFlinger: ARPARA --- mark --- 2022-02-10: doDebugFlashRegions of display: DisplayDevice{0, primary, "Internal display"}
02-10 11:57:59.751   176   176 D SurfaceFlinger: ARPARA --- mark --- 2022-02-10: doComposition of display: DisplayDevice{0, primary, "Internal display"}
02-10 11:57:59.751   176   176 D SurfaceFlinger: IMX_VR -------- Layer: com.android.systemui.ImageWallpaper#0 isVr=0
02-10 11:57:59.751   176   176 D SurfaceFlinger: IMX_VR -------- Layer: com.android.launcher3/com.android.launcher3.Launcher#0 isVr=0
02-10 11:57:59.751   176   176 D SurfaceFlinger: IMX_VR -------- Layer: StatusBar#0 isVr=0
02-10 11:57:59.751   176   176 D SurfaceFlinger: IMX_VR -------- Layer: NavigationBar0#0 isVr=0
02-10 11:57:59.751   176   176 D SurfaceFlinger: IMX_VR -------- Layer: Overlay #1: 1920x1080, 320 dpi#0 isVr=0
02-10 11:57:59.751   176   176 D SurfaceFlinger: ARPARA --- mark --- 2022-02-10: doCompositionFinished of display: DisplayDevice{0, primary, "Internal display"}
02-10 11:57:59.751   176   176 D SurfaceFlinger: ARPARA --- mark --- 2022-02-10: ------------------------------------------------------
02-10 11:57:59.763   176   176 D SurfaceFlinger: ARPARA --- mark --- 2022-02-10: beginnFrame of display: DisplayDevice{virtual, "Overlay #1"}
02-10 11:57:59.763   176   176 D SurfaceFlinger: ARPARA --- mark --- 2022-02-10: prepareFrame of display: DisplayDevice{virtual, "Overlay #1"}
02-10 11:57:59.763   176   176 D SurfaceFlinger: ARPARA --- mark --- 2022-02-10: doDebugFlashRegions of display: DisplayDevice{virtual, "Overlay #1"}
02-10 11:57:59.763   176   176 D SurfaceFlinger: ARPARA --- mark --- 2022-02-10: doComposition of display: DisplayDevice{virtual, "Overlay #1"}
02-10 11:57:59.763   176   176 D SurfaceFlinger: ARPARA --- mark --- 2022-02-10: doCompositionFinished of display: DisplayDevice{virtual, "Overlay #1"}
02-10 11:57:59.763   176   176 D SurfaceFlinger: ARPARA --- mark --- 2022-02-10: ------------------------------------------------------
02-10 11:57:59.763   176   176 D SurfaceFlinger: ARPARA --- mark --- 2022-02-10: beginnFrame of display: DisplayDevice{virtual, "scrcpy"}
02-10 11:57:59.763   176   176 D SurfaceFlinger: ARPARA --- mark --- 2022-02-10: prepareFrame of display: DisplayDevice{virtual, "scrcpy"}
02-10 11:57:59.763   176   176 D SurfaceFlinger: ARPARA --- mark --- 2022-02-10: doDebugFlashRegions of display: DisplayDevice{virtual, "scrcpy"}
02-10 11:57:59.763   176   176 D SurfaceFlinger: ARPARA --- mark --- 2022-02-10: doComposition of display: DisplayDevice{virtual, "scrcpy"}
02-10 11:57:59.765   176   176 D SurfaceFlinger: IMX_VR -------- Layer: com.android.systemui.ImageWallpaper#0 isVr=0
02-10 11:57:59.765   176   176 D SurfaceFlinger: IMX_VR -------- Layer: com.android.launcher3/com.android.launcher3.Launcher#0 isVr=0
02-10 11:57:59.765   176   176 D SurfaceFlinger: IMX_VR -------- Layer: StatusBar#0 isVr=0
02-10 11:57:59.765   176   176 D SurfaceFlinger: IMX_VR -------- Layer: NavigationBar0#0 isVr=0
02-10 11:57:59.765   176   176 D SurfaceFlinger: IMX_VR -------- Layer: Overlay #1: 1920x1080, 320 dpi#0 isVr=0
02-10 11:57:59.779   176   176 D SurfaceFlinger: ARPARA --- mark --- 2022-02-10: doCompositionFinished of display: DisplayDevice{virtual, "scrcpy"}
02-10 11:57:59.779   176   176 D SurfaceFlinger: ARPARA --- mark --- 2022-02-10: ------------------------------------------------------
02-10 11:57:59.780   176   176 D SurfaceFlinger: ARPARA --- mark --- 2022-02-10: beginnFrame of display: DisplayDevice{0, primary, "Internal display"}
02-10 11:57:59.780   176   176 D SurfaceFlinger: ARPARA --- mark --- 2022-02-10: prepareFrame of display: DisplayDevice{0, primary, "Internal display"}
02-10 11:57:59.785   176   176 D SurfaceFlinger: ARPARA --- mark --- 2022-02-10: doDebugFlashRegions of display: DisplayDevice{0, primary, "Internal display"}
02-10 11:57:59.785   176   176 D SurfaceFlinger: ARPARA --- mark --- 2022-02-10: doComposition of display: DisplayDevice{0, primary, "Internal display"}
02-10 11:57:59.785   176   176 D SurfaceFlinger: IMX_VR -------- Layer: com.android.systemui.ImageWallpaper#0 isVr=0
02-10 11:57:59.785   176   176 D SurfaceFlinger: IMX_VR -------- Layer: com.android.launcher3/com.android.launcher3.Launcher#0 isVr=0
02-10 11:57:59.785   176   176 D SurfaceFlinger: IMX_VR -------- Layer: StatusBar#0 isVr=0
02-10 11:57:59.785   176   176 D SurfaceFlinger: IMX_VR -------- Layer: NavigationBar0#0 isVr=0
02-10 11:57:59.785   176   176 D SurfaceFlinger: IMX_VR -------- Layer: Overlay #1: 1920x1080, 320 dpi#0 isVr=0
02-10 11:57:59.785   176   176 D SurfaceFlinger: ARPARA --- mark --- 2022-02-10: doCompositionFinished of display: DisplayDevice{0, primary, "Internal display"}
02-10 11:57:59.785   176   176 D SurfaceFlinger: ARPARA --- mark --- 2022-02-10: ------------------------------------------------------
02-10 11:57:59.797   176   176 D SurfaceFlinger: ARPARA --- mark --- 2022-02-10: beginnFrame of display: DisplayDevice{virtual, "Overlay #1"}
02-10 11:57:59.797   176   176 D SurfaceFlinger: ARPARA --- mark --- 2022-02-10: prepareFrame of display: DisplayDevice{virtual, "Overlay #1"}
02-10 11:57:59.797   176   176 D SurfaceFlinger: ARPARA --- mark --- 2022-02-10: doDebugFlashRegions of display: DisplayDevice{virtual, "Overlay #1"}
02-10 11:57:59.797   176   176 D SurfaceFlinger: ARPARA --- mark --- 2022-02-10: doComposition of display: DisplayDevice{virtual, "Overlay #1"}
02-10 11:57:59.797   176   176 D SurfaceFlinger: ARPARA --- mark --- 2022-02-10: doCompositionFinished of display: DisplayDevice{virtual, "Overlay #1"}
02-10 11:57:59.797   176   176 D SurfaceFlinger: ARPARA --- mark --- 2022-02-10: ------------------------------------------------------
02-10 11:57:59.797   176   176 D SurfaceFlinger: ARPARA --- mark --- 2022-02-10: beginnFrame of display: DisplayDevice{virtual, "scrcpy"}
02-10 11:57:59.797   176   176 D SurfaceFlinger: ARPARA --- mark --- 2022-02-10: prepareFrame of display: DisplayDevice{virtual, "scrcpy"}
02-10 11:57:59.797   176   176 D SurfaceFlinger: ARPARA --- mark --- 2022-02-10: doDebugFlashRegions of display: DisplayDevice{virtual, "scrcpy"}
02-10 11:57:59.797   176   176 D SurfaceFlinger: ARPARA --- mark --- 2022-02-10: doComposition of display: DisplayDevice{virtual, "scrcpy"}
02-10 11:57:59.797   176   176 D SurfaceFlinger: IMX_VR -------- Layer: com.android.systemui.ImageWallpaper#0 isVr=0
02-10 11:57:59.797   176   176 D SurfaceFlinger: IMX_VR -------- Layer: com.android.launcher3/com.android.launcher3.Launcher#0 isVr=0
02-10 11:57:59.798   176   176 D SurfaceFlinger: IMX_VR -------- Layer: StatusBar#0 isVr=0
02-10 11:57:59.798   176   176 D SurfaceFlinger: IMX_VR -------- Layer: NavigationBar0#0 isVr=0
02-10 11:57:59.798   176   176 D SurfaceFlinger: IMX_VR -------- Layer: Overlay #1: 1920x1080, 320 dpi#0 isVr=0
02-10 11:57:59.813   176   176 D SurfaceFlinger: ARPARA --- mark --- 2022-02-10: doCompositionFinished of display: DisplayDevice{virtual, "scrcpy"}
02-10 11:57:59.814   176   176 D SurfaceFlinger: ARPARA --- mark --- 2022-02-10: ------------------------------------------------------
02-10 11:57:59.814   176   176 D SurfaceFlinger: ARPARA --- mark --- 2022-02-10: beginnFrame of display: DisplayDevice{0, primary, "Internal display"}
02-10 11:57:59.814   176   176 D SurfaceFlinger: ARPARA --- mark --- 2022-02-10: prepareFrame of display: DisplayDevice{0, primary, "Internal display"}
02-10 11:57:59.818   176   176 D SurfaceFlinger: ARPARA --- mark --- 2022-02-10: doDebugFlashRegions of display: DisplayDevice{0, primary, "Internal display"}
02-10 11:57:59.818   176   176 D SurfaceFlinger: ARPARA --- mark --- 2022-02-10: doComposition of display: DisplayDevice{0, primary, "Internal display"}
02-10 11:57:59.818   176   176 D SurfaceFlinger: IMX_VR -------- Layer: com.android.systemui.ImageWallpaper#0 isVr=0
02-10 11:57:59.818   176   176 D SurfaceFlinger: IMX_VR -------- Layer: com.android.launcher3/com.android.launcher3.Launcher#0 isVr=0
02-10 11:57:59.818   176   176 D SurfaceFlinger: IMX_VR -------- Layer: StatusBar#0 isVr=0
02-10 11:57:59.818   176   176 D SurfaceFlinger: IMX_VR -------- Layer: NavigationBar0#0 isVr=0
02-10 11:57:59.818   176   176 D SurfaceFlinger: IMX_VR -------- Layer: Overlay #1: 1920x1080, 320 dpi#0 isVr=0
02-10 11:57:59.818   176   176 D SurfaceFlinger: ARPARA --- mark --- 2022-02-10: doCompositionFinished of display: DisplayDevice{0, primary, "Internal display"}
02-10 11:57:59.818   176   176 D SurfaceFlinger: ARPARA --- mark --- 2022-02-10: ------------------------------------------------------
02-10 11:57:59.826   176   435 I SurfaceFlinger: IMX_VR -------- createLayer for com.android.gallery3d/com.android.gallery3d.app.GalleryActivity use (1920 x 1080), flags=4, isVr=0
02-10 11:57:59.827   176   176 D SurfaceFlinger: ARPARA --- mark --- 2022-02-10: beginnFrame of display: DisplayDevice{virtual, "Overlay #1"}
02-10 11:57:59.827   176   176 D SurfaceFlinger: ARPARA --- mark --- 2022-02-10: prepareFrame of display: DisplayDevice{virtual, "Overlay #1"}
02-10 11:57:59.827   176   176 D SurfaceFlinger: ARPARA --- mark --- 2022-02-10: doDebugFlashRegions of display: DisplayDevice{virtual, "Overlay #1"}
02-10 11:57:59.827   176   176 D SurfaceFlinger: ARPARA --- mark --- 2022-02-10: doComposition of display: DisplayDevice{virtual, "Overlay #1"}
02-10 11:57:59.827   176   176 D SurfaceFlinger: IMX_VR -------- Layer: com.android.settings/com.android.settings.Settings#0 isVr=0
02-10 11:57:59.836   176   176 D SurfaceFlinger: ARPARA --- mark --- 2022-02-10: doCompositionFinished of display: DisplayDevice{virtual, "Overlay #1"}
02-10 11:57:59.837   176   176 D SurfaceFlinger: ARPARA --- mark --- 2022-02-10: ------------------------------------------------------
02-10 11:57:59.837   176   176 D SurfaceFlinger: ARPARA --- mark --- 2022-02-10: beginnFrame of display: DisplayDevice{virtual, "scrcpy"}
02-10 11:57:59.837   176   176 D SurfaceFlinger: ARPARA --- mark --- 2022-02-10: prepareFrame of display: DisplayDevice{virtual, "scrcpy"}
02-10 11:57:59.837   176   176 D SurfaceFlinger: ARPARA --- mark --- 2022-02-10: doDebugFlashRegions of display: DisplayDevice{virtual, "scrcpy"}
02-10 11:57:59.838   176   176 D SurfaceFlinger: ARPARA --- mark --- 2022-02-10: doComposition of display: DisplayDevice{virtual, "scrcpy"}
02-10 11:57:59.838   176   176 D SurfaceFlinger: IMX_VR -------- Layer: com.android.systemui.ImageWallpaper#0 isVr=0
02-10 11:57:59.839   176   176 D SurfaceFlinger: IMX_VR -------- Layer: com.android.launcher3/com.android.launcher3.Launcher#0 isVr=0
02-10 11:57:59.839   176   435 I SurfaceFlinger: IMX_VR -------- createLayer for Bounds for - com.android.gallery3d/com.android.gallery3d.app.GalleryActivity use (0 x 0), flags=4, isVr=0
02-10 11:57:59.839   176   176 D SurfaceFlinger: IMX_VR -------- Layer: StatusBar#0 isVr=0
02-10 11:57:59.839   176   176 D SurfaceFlinger: IMX_VR -------- Layer: NavigationBar0#0 isVr=0
02-10 11:57:59.839   176   176 D SurfaceFlinger: IMX_VR -------- Layer: Overlay #1: 1920x1080, 320 dpi#0 isVr=0
02-10 11:57:59.841   176   650 I SurfaceFlinger: IMX_VR -------- createLayer for SurfaceView - com.android.gallery3d/com.android.gallery3d.app.GalleryActivity use (1920 x 1080), flags=4, isVr=0
02-10 11:57:59.842   176   650 I SurfaceFlinger: IMX_VR -------- createLayer for Background for -SurfaceView - com.android.gallery3d/com.android.gallery3d.app.GalleryActivity use (0 x 0), flags=20404, isVr=0
02-10 11:57:59.853   176   176 D SurfaceFlinger: ARPARA --- mark --- 2022-02-10: doCompositionFinished of display: DisplayDevice{virtual, "scrcpy"}
02-10 11:57:59.853   176   176 D SurfaceFlinger: ARPARA --- mark --- 2022-02-10: ------------------------------------------------------
02-10 11:57:59.853   176   176 D SurfaceFlinger: ARPARA --- mark --- 2022-02-10: beginnFrame of display: DisplayDevice{0, primary, "Internal display"}
02-10 11:57:59.853   176   176 D SurfaceFlinger: ARPARA --- mark --- 2022-02-10: prepareFrame of display: DisplayDevice{0, primary, "Internal display"}
02-10 11:57:59.854   176   176 D SurfaceFlinger: ARPARA --- mark --- 2022-02-10: doDebugFlashRegions of display: DisplayDevice{0, primary, "Internal display"}
02-10 11:57:59.854   176   176 D SurfaceFlinger: ARPARA --- mark --- 2022-02-10: doComposition of display: DisplayDevice{0, primary, "Internal display"}
02-10 11:57:59.854   176   176 D SurfaceFlinger: IMX_VR -------- Layer: com.android.systemui.ImageWallpaper#0 isVr=0
02-10 11:57:59.854   176   176 D SurfaceFlinger: IMX_VR -------- Layer: com.android.launcher3/com.android.launcher3.Launcher#0 isVr=0
02-10 11:57:59.854   176   176 D SurfaceFlinger: IMX_VR -------- Layer: StatusBar#0 isVr=0
02-10 11:57:59.854   176   176 D SurfaceFlinger: IMX_VR -------- Layer: NavigationBar0#0 isVr=0
02-10 11:57:59.854   176   176 D SurfaceFlinger: IMX_VR -------- Layer: Overlay #1: 1920x1080, 320 dpi#0 isVr=0
02-10 11:57:59.854   176   176 D SurfaceFlinger: ARPARA --- mark --- 2022-02-10: doCompositionFinished of display: DisplayDevice{0, primary, "Internal display"}
02-10 11:57:59.854   176   176 D SurfaceFlinger: ARPARA --- mark --- 2022-02-10: ------------------------------------------------------
02-10 11:57:59.861   176   176 D SurfaceFlinger: ARPARA --- mark --- 2022-02-10: beginnFrame of display: DisplayDevice{virtual, "Overlay #1"}
02-10 11:57:59.861   176   176 D SurfaceFlinger: ARPARA --- mark --- 2022-02-10: prepareFrame of display: DisplayDevice{virtual, "Overlay #1"}
02-10 11:57:59.861   176   176 D SurfaceFlinger: ARPARA --- mark --- 2022-02-10: doDebugFlashRegions of display: DisplayDevice{virtual, "Overlay #1"}
02-10 11:57:59.861   176   176 D SurfaceFlinger: ARPARA --- mark --- 2022-02-10: doComposition of display: DisplayDevice{virtual, "Overlay #1"}
02-10 11:57:59.862   176   176 D SurfaceFlinger: IMX_VR -------- Layer: com.android.settings/com.android.settings.Settings#0 isVr=0
02-10 11:57:59.863   176   176 D SurfaceFlinger: IMX_VR -------- Layer: SnapshotStartingWindow for taskId=49#0 isVr=0
02-10 11:57:59.870   176   176 D SurfaceFlinger: ARPARA --- mark --- 2022-02-10: doCompositionFinished of display: DisplayDevice{virtual, "Overlay #1"}
02-10 11:57:59.871   176   176 D SurfaceFlinger: ARPARA --- mark --- 2022-02-10: ------------------------------------------------------
02-10 11:57:59.871   176   176 D SurfaceFlinger: ARPARA --- mark --- 2022-02-10: beginnFrame of display: DisplayDevice{virtual, "scrcpy"}
02-10 11:57:59.871   176   176 D SurfaceFlinger: ARPARA --- mark --- 2022-02-10: prepareFrame of display: DisplayDevice{virtual, "scrcpy"}
02-10 11:57:59.871   176   176 D SurfaceFlinger: ARPARA --- mark --- 2022-02-10: doDebugFlashRegions of display: DisplayDevice{virtual, "scrcpy"}
02-10 11:57:59.871   176   176 D SurfaceFlinger: ARPARA --- mark --- 2022-02-10: doComposition of display: DisplayDevice{virtual, "scrcpy"}
02-10 11:57:59.872   176   176 D SurfaceFlinger: IMX_VR -------- Layer: com.android.systemui.ImageWallpaper#0 isVr=0
02-10 11:57:59.872   176   176 D SurfaceFlinger: IMX_VR -------- Layer: com.android.launcher3/com.android.launcher3.Launcher#0 isVr=0
02-10 11:57:59.872   176   176 D SurfaceFlinger: IMX_VR -------- Layer: StatusBar#0 isVr=0
02-10 11:57:59.872   176   176 D SurfaceFlinger: IMX_VR -------- Layer: NavigationBar0#0 isVr=0
02-10 11:57:59.872   176   176 D SurfaceFlinger: IMX_VR -------- Layer: Overlay #1: 1920x1080, 320 dpi#0 isVr=0
02-10 11:57:59.887   176   176 D SurfaceFlinger: ARPARA --- mark --- 2022-02-10: doCompositionFinished of display: DisplayDevice{virtual, "scrcpy"}
02-10 11:57:59.887   176   176 D SurfaceFlinger: ARPARA --- mark --- 2022-02-10: ------------------------------------------------------
02-10 11:57:59.887   176   176 D SurfaceFlinger: ARPARA --- mark --- 2022-02-10: beginnFrame of display: DisplayDevice{0, primary, "Internal display"}
02-10 11:57:59.887   176   176 D SurfaceFlinger: ARPARA --- mark --- 2022-02-10: prepareFrame of display: DisplayDevice{0, primary, "Internal display"}
02-10 11:57:59.888   176   176 D SurfaceFlinger: ARPARA --- mark --- 2022-02-10: doDebugFlashRegions of display: DisplayDevice{0, primary, "Internal display"}
02-10 11:57:59.888   176   176 D SurfaceFlinger: ARPARA --- mark --- 2022-02-10: doComposition of display: DisplayDevice{0, primary, "Internal display"}
02-10 11:57:59.888   176   176 D SurfaceFlinger: IMX_VR -------- Layer: com.android.systemui.ImageWallpaper#0 isVr=0
02-10 11:57:59.888   176   176 D SurfaceFlinger: IMX_VR -------- Layer: com.android.launcher3/com.android.launcher3.Launcher#0 isVr=0
02-10 11:57:59.888   176   176 D SurfaceFlinger: IMX_VR -------- Layer: StatusBar#0 isVr=0
02-10 11:57:59.888   176   176 D SurfaceFlinger: IMX_VR -------- Layer: NavigationBar0#0 isVr=0
02-10 11:57:59.888   176   176 D SurfaceFlinger: IMX_VR -------- Layer: Overlay #1: 1920x1080, 320 dpi#0 isVr=0
02-10 11:57:59.888   176   176 D SurfaceFlinger: ARPARA --- mark --- 2022-02-10: doCompositionFinished of display: DisplayDevice{0, primary, "Internal display"}
02-10 11:57:59.888   176   176 D SurfaceFlinger: ARPARA --- mark --- 2022-02-10: ------------------------------------------------------
02-10 11:57:59.894   176   176 D SurfaceFlinger: ARPARA --- mark --- 2022-02-10: beginnFrame of display: DisplayDevice{virtual, "Overlay #1"}
02-10 11:57:59.894   176   176 D SurfaceFlinger: ARPARA --- mark --- 2022-02-10: prepareFrame of display: DisplayDevice{virtual, "Overlay #1"}
02-10 11:57:59.894   176   176 D SurfaceFlinger: ARPARA --- mark --- 2022-02-10: doDebugFlashRegions of display: DisplayDevice{virtual, "Overlay #1"}
02-10 11:57:59.894   176   176 D SurfaceFlinger: ARPARA --- mark --- 2022-02-10: doComposition of display: DisplayDevice{virtual, "Overlay #1"}
02-10 11:57:59.895   176   176 D SurfaceFlinger: IMX_VR -------- Layer: com.android.settings/com.android.settings.Settings#0 isVr=0
02-10 11:57:59.895   176   176 D SurfaceFlinger: IMX_VR -------- Layer: SnapshotStartingWindow for taskId=49#0 isVr=0
02-10 11:57:59.901   176   176 D SurfaceFlinger: ARPARA --- mark --- 2022-02-10: doCompositionFinished of display: DisplayDevice{virtual, "Overlay #1"}
02-10 11:57:59.901   176   176 D SurfaceFlinger: ARPARA --- mark --- 2022-02-10: ------------------------------------------------------
02-10 11:57:59.901   176   176 D SurfaceFlinger: ARPARA --- mark --- 2022-02-10: beginnFrame of display: DisplayDevice{virtual, "scrcpy"}
02-10 11:57:59.902   176   176 D SurfaceFlinger: ARPARA --- mark --- 2022-02-10: prepareFrame of display: DisplayDevice{virtual, "scrcpy"}
02-10 11:57:59.902   176   176 D SurfaceFlinger: ARPARA --- mark --- 2022-02-10: doDebugFlashRegions of display: DisplayDevice{virtual, "scrcpy"}
02-10 11:57:59.902   176   176 D SurfaceFlinger: ARPARA --- mark --- 2022-02-10: doComposition of display: DisplayDevice{virtual, "scrcpy"}
02-10 11:57:59.904   176   176 D SurfaceFlinger: IMX_VR -------- Layer: com.android.systemui.ImageWallpaper#0 isVr=0
02-10 11:57:59.905   176   176 D SurfaceFlinger: IMX_VR -------- Layer: com.android.launcher3/com.android.launcher3.Launcher#0 isVr=0
02-10 11:57:59.905   176   176 D SurfaceFlinger: IMX_VR -------- Layer: StatusBar#0 isVr=0
02-10 11:57:59.905   176   176 D SurfaceFlinger: IMX_VR -------- Layer: NavigationBar0#0 isVr=0
02-10 11:57:59.905   176   176 D SurfaceFlinger: IMX_VR -------- Layer: Overlay #1: 1920x1080, 320 dpi#0 isVr=0
02-10 11:57:59.919   176   176 D SurfaceFlinger: ARPARA --- mark --- 2022-02-10: doCompositionFinished of display: DisplayDevice{virtual, "scrcpy"}
02-10 11:57:59.919   176   176 D SurfaceFlinger: ARPARA --- mark --- 2022-02-10: ------------------------------------------------------
02-10 11:57:59.919   176   176 D SurfaceFlinger: ARPARA --- mark --- 2022-02-10: beginnFrame of display: DisplayDevice{0, primary, "Internal display"}
02-10 11:57:59.919   176   176 D SurfaceFlinger: ARPARA --- mark --- 2022-02-10: prepareFrame of display: DisplayDevice{0, primary, "Internal display"}
02-10 11:57:59.920   176   176 D SurfaceFlinger: ARPARA --- mark --- 2022-02-10: doDebugFlashRegions of display: DisplayDevice{0, primary, "Internal display"}
02-10 11:57:59.920   176   176 D SurfaceFlinger: ARPARA --- mark --- 2022-02-10: doComposition of display: DisplayDevice{0, primary, "Internal display"}
02-10 11:57:59.920   176   176 D SurfaceFlinger: IMX_VR -------- Layer: com.android.systemui.ImageWallpaper#0 isVr=0
02-10 11:57:59.920   176   176 D SurfaceFlinger: IMX_VR -------- Layer: com.android.launcher3/com.android.launcher3.Launcher#0 isVr=0
02-10 11:57:59.921   176   176 D SurfaceFlinger: IMX_VR -------- Layer: StatusBar#0 isVr=0
02-10 11:57:59.921   176   176 D SurfaceFlinger: IMX_VR -------- Layer: NavigationBar0#0 isVr=0
02-10 11:57:59.921   176   176 D SurfaceFlinger: IMX_VR -------- Layer: Overlay #1: 1920x1080, 320 dpi#0 isVr=0
02-10 11:57:59.921   176   176 D SurfaceFlinger: ARPARA --- mark --- 2022-02-10: doCompositionFinished of display: DisplayDevice{0, primary, "Internal display"}
02-10 11:57:59.921   176   176 D SurfaceFlinger: ARPARA --- mark --- 2022-02-10: ------------------------------------------------------
02-10 11:57:59.932   176   176 D SurfaceFlinger: ARPARA --- mark --- 2022-02-10: beginnFrame of display: DisplayDevice{virtual, "Overlay #1"}
02-10 11:57:59.932   176   176 D SurfaceFlinger: ARPARA --- mark --- 2022-02-10: prepareFrame of display: DisplayDevice{virtual, "Overlay #1"}
02-10 11:57:59.932   176   176 D SurfaceFlinger: ARPARA --- mark --- 2022-02-10: doDebugFlashRegions of display: DisplayDevice{virtual, "Overlay #1"}
02-10 11:57:59.932   176   176 D SurfaceFlinger: ARPARA --- mark --- 2022-02-10: doComposition of display: DisplayDevice{virtual, "Overlay #1"}
02-10 11:57:59.932   176   176 D SurfaceFlinger: IMX_VR -------- Layer: com.android.settings/com.android.settings.Settings#0 isVr=0
02-10 11:57:59.932   176   176 D SurfaceFlinger: IMX_VR -------- Layer: SnapshotStartingWindow for taskId=49#0 isVr=0
02-10 11:57:59.941   176   176 D SurfaceFlinger: ARPARA --- mark --- 2022-02-10: doCompositionFinished of display: DisplayDevice{virtual, "Overlay #1"}
02-10 11:57:59.941   176   176 D SurfaceFlinger: ARPARA --- mark --- 2022-02-10: ------------------------------------------------------
02-10 11:57:59.941   176   176 D SurfaceFlinger: ARPARA --- mark --- 2022-02-10: beginnFrame of display: DisplayDevice{virtual, "scrcpy"}
02-10 11:57:59.941   176   176 D SurfaceFlinger: ARPARA --- mark --- 2022-02-10: prepareFrame of display: DisplayDevice{virtual, "scrcpy"}
02-10 11:57:59.941   176   176 D SurfaceFlinger: ARPARA --- mark --- 2022-02-10: doDebugFlashRegions of display: DisplayDevice{virtual, "scrcpy"}
02-10 11:57:59.941   176   176 D SurfaceFlinger: ARPARA --- mark --- 2022-02-10: doComposition of display: DisplayDevice{virtual, "scrcpy"}
02-10 11:57:59.942   176   176 D SurfaceFlinger: IMX_VR -------- Layer: com.android.systemui.ImageWallpaper#0 isVr=0
02-10 11:57:59.942   176   176 D SurfaceFlinger: IMX_VR -------- Layer: com.android.launcher3/com.android.launcher3.Launcher#0 isVr=0
02-10 11:57:59.942   176   176 D SurfaceFlinger: IMX_VR -------- Layer: StatusBar#0 isVr=0
02-10 11:57:59.942   176   176 D SurfaceFlinger: IMX_VR -------- Layer: NavigationBar0#0 isVr=0
02-10 11:57:59.942   176   176 D SurfaceFlinger: IMX_VR -------- Layer: Overlay #1: 1920x1080, 320 dpi#0 isVr=0
02-10 11:57:59.958   176   176 D SurfaceFlinger: ARPARA --- mark --- 2022-02-10: doCompositionFinished of display: DisplayDevice{virtual, "scrcpy"}
02-10 11:57:59.958   176   176 D SurfaceFlinger: ARPARA --- mark --- 2022-02-10: ------------------------------------------------------
02-10 11:57:59.958   176   176 D SurfaceFlinger: ARPARA --- mark --- 2022-02-10: beginnFrame of display: DisplayDevice{0, primary, "Internal display"}
02-10 11:57:59.958   176   176 D SurfaceFlinger: ARPARA --- mark --- 2022-02-10: prepareFrame of display: DisplayDevice{0, primary, "Internal display"}
02-10 11:57:59.961   176   176 D SurfaceFlinger: ARPARA --- mark --- 2022-02-10: doDebugFlashRegions of display: DisplayDevice{0, primary, "Internal display"}
02-10 11:57:59.961   176   176 D SurfaceFlinger: ARPARA --- mark --- 2022-02-10: doComposition of display: DisplayDevice{0, primary, "Internal display"}
02-10 11:57:59.961   176   176 D SurfaceFlinger: IMX_VR -------- Layer: com.android.systemui.ImageWallpaper#0 isVr=0
02-10 11:57:59.961   176   176 D SurfaceFlinger: IMX_VR -------- Layer: com.android.launcher3/com.android.launcher3.Launcher#0 isVr=0
02-10 11:57:59.961   176   176 D SurfaceFlinger: IMX_VR -------- Layer: StatusBar#0 isVr=0
02-10 11:57:59.961   176   176 D SurfaceFlinger: IMX_VR -------- Layer: NavigationBar0#0 isVr=0
02-10 11:57:59.961   176   176 D SurfaceFlinger: IMX_VR -------- Layer: Overlay #1: 1920x1080, 320 dpi#0 isVr=0
02-10 11:57:59.961   176   176 D SurfaceFlinger: ARPARA --- mark --- 2022-02-10: doCompositionFinished of display: DisplayDevice{0, primary, "Internal display"}
02-10 11:57:59.962   176   176 D SurfaceFlinger: ARPARA --- mark --- 2022-02-10: ------------------------------------------------------
02-10 11:57:59.973   176   176 D SurfaceFlinger: ARPARA --- mark --- 2022-02-10: beginnFrame of display: DisplayDevice{virtual, "Overlay #1"}
02-10 11:57:59.973   176   176 D SurfaceFlinger: ARPARA --- mark --- 2022-02-10: prepareFrame of display: DisplayDevice{virtual, "Overlay #1"}
02-10 11:57:59.973   176   176 D SurfaceFlinger: ARPARA --- mark --- 2022-02-10: doDebugFlashRegions of display: DisplayDevice{virtual, "Overlay #1"}
02-10 11:57:59.973   176   176 D SurfaceFlinger: ARPARA --- mark --- 2022-02-10: doComposition of display: DisplayDevice{virtual, "Overlay #1"}
02-10 11:57:59.974   176   176 D SurfaceFlinger: IMX_VR -------- Layer: com.android.settings/com.android.settings.Settings#0 isVr=0
02-10 11:57:59.974   176   176 D SurfaceFlinger: IMX_VR -------- Layer: SnapshotStartingWindow for taskId=49#0 isVr=0
02-10 11:57:59.975   176   612 I SurfaceFlinger: IMX_VR -------- createLayer for WindowToken{9fc2644 android.os.Binder@3372b57} use (0 x 0), flags=80004, isVr=0
02-10 11:57:59.981   176   176 D SurfaceFlinger: ARPARA --- mark --- 2022-02-10: doCompositionFinished of display: DisplayDevice{virtual, "Overlay #1"}
02-10 11:57:59.981   176   176 D SurfaceFlinger: ARPARA --- mark --- 2022-02-10: ------------------------------------------------------
02-10 11:57:59.982   176   176 D SurfaceFlinger: ARPARA --- mark --- 2022-02-10: beginnFrame of display: DisplayDevice{virtual, "scrcpy"}
02-10 11:57:59.982   176   176 D SurfaceFlinger: ARPARA --- mark --- 2022-02-10: prepareFrame of display: DisplayDevice{virtual, "scrcpy"}
02-10 11:57:59.982   176   176 D SurfaceFlinger: ARPARA --- mark --- 2022-02-10: doDebugFlashRegions of display: DisplayDevice{virtual, "scrcpy"}
02-10 11:57:59.982   176   176 D SurfaceFlinger: ARPARA --- mark --- 2022-02-10: doComposition of display: DisplayDevice{virtual, "scrcpy"}
02-10 11:57:59.983   176   176 D SurfaceFlinger: IMX_VR -------- Layer: com.android.systemui.ImageWallpaper#0 isVr=0
02-10 11:57:59.983   176   176 D SurfaceFlinger: IMX_VR -------- Layer: com.android.launcher3/com.android.launcher3.Launcher#0 isVr=0
02-10 11:57:59.983   176   176 D SurfaceFlinger: IMX_VR -------- Layer: StatusBar#0 isVr=0
02-10 11:57:59.983   176   176 D SurfaceFlinger: IMX_VR -------- Layer: NavigationBar0#0 isVr=0
02-10 11:57:59.984   176   176 D SurfaceFlinger: IMX_VR -------- Layer: Overlay #1: 1920x1080, 320 dpi#0 isVr=0
02-10 11:57:59.988   176   192 I SurfaceFlinger: IMX_VR -------- createLayer for WindowToken{a54b062 android.os.Binder@9d332d} use (0 x 0), flags=80004, isVr=0
02-10 11:57:59.998   176   612 I SurfaceFlinger: IMX_VR -------- createLayer for Surface(name=aa9b605 SnapshotStartingWindow for taskId=49)/@0x9162e4f - animation-leash use (0 x 0), flags=80004, isVr=0
02-10 11:58:00.002   176   176 D SurfaceFlinger: ARPARA --- mark --- 2022-02-10: doCompositionFinished of display: DisplayDevice{virtual, "scrcpy"}
02-10 11:58:00.002   176   176 D SurfaceFlinger: ARPARA --- mark --- 2022-02-10: ------------------------------------------------------
02-10 11:58:00.002   176   176 D SurfaceFlinger: ARPARA --- mark --- 2022-02-10: beginnFrame of display: DisplayDevice{0, primary, "Internal display"}
02-10 11:58:00.002   176   176 D SurfaceFlinger: ARPARA --- mark --- 2022-02-10: prepareFrame of display: DisplayDevice{0, primary, "Internal display"}
02-10 11:58:00.003   176   176 D SurfaceFlinger: ARPARA --- mark --- 2022-02-10: doDebugFlashRegions of display: DisplayDevice{0, primary, "Internal display"}
02-10 11:58:00.003   176   176 D SurfaceFlinger: ARPARA --- mark --- 2022-02-10: doComposition of display: DisplayDevice{0, primary, "Internal display"}
02-10 11:58:00.003   176   176 D SurfaceFlinger: IMX_VR -------- Layer: com.android.systemui.ImageWallpaper#0 isVr=0
02-10 11:58:00.003   176   176 D SurfaceFlinger: IMX_VR -------- Layer: com.android.launcher3/com.android.launcher3.Launcher#0 isVr=0
02-10 11:58:00.004   176   176 D SurfaceFlinger: IMX_VR -------- Layer: StatusBar#0 isVr=0
02-10 11:58:00.004   176   176 D SurfaceFlinger: IMX_VR -------- Layer: NavigationBar0#0 isVr=0
02-10 11:58:00.004   176   176 D SurfaceFlinger: IMX_VR -------- Layer: Overlay #1: 1920x1080, 320 dpi#0 isVr=0
02-10 11:58:00.004   176   176 D SurfaceFlinger: ARPARA --- mark --- 2022-02-10: doCompositionFinished of display: DisplayDevice{0, primary, "Internal display"}
02-10 11:58:00.004   176   176 D SurfaceFlinger: ARPARA --- mark --- 2022-02-10: ------------------------------------------------------
02-10 11:58:00.016   176   176 D SurfaceFlinger: ARPARA --- mark --- 2022-02-10: beginnFrame of display: DisplayDevice{virtual, "Overlay #1"}
02-10 11:58:00.016   176   176 D SurfaceFlinger: ARPARA --- mark --- 2022-02-10: prepareFrame of display: DisplayDevice{virtual, "Overlay #1"}
02-10 11:58:00.016   176   176 D SurfaceFlinger: ARPARA --- mark --- 2022-02-10: doDebugFlashRegions of display: DisplayDevice{virtual, "Overlay #1"}
02-10 11:58:00.016   176   176 D SurfaceFlinger: ARPARA --- mark --- 2022-02-10: doComposition of display: DisplayDevice{virtual, "Overlay #1"}
02-10 11:58:00.017   176   176 D SurfaceFlinger: IMX_VR -------- Layer: com.android.settings/com.android.settings.Settings#0 isVr=0
02-10 11:58:00.017   176   176 D SurfaceFlinger: IMX_VR -------- Layer: SurfaceView - com.android.gallery3d/com.android.gallery3d.app.GalleryActivity#0 isVr=0
02-10 11:58:00.017   176   176 D SurfaceFlinger: IMX_VR -------- Layer: SnapshotStartingWindow for taskId=49#0 isVr=0
02-10 11:58:00.024   176   176 D SurfaceFlinger: ARPARA --- mark --- 2022-02-10: doCompositionFinished of display: DisplayDevice{virtual, "Overlay #1"}
02-10 11:58:00.025   176   176 D SurfaceFlinger: ARPARA --- mark --- 2022-02-10: ------------------------------------------------------
02-10 11:58:00.025   176   176 D SurfaceFlinger: ARPARA --- mark --- 2022-02-10: beginnFrame of display: DisplayDevice{virtual, "scrcpy"}
02-10 11:58:00.025   176   176 D SurfaceFlinger: ARPARA --- mark --- 2022-02-10: prepareFrame of display: DisplayDevice{virtual, "scrcpy"}
02-10 11:58:00.025   176   176 D SurfaceFlinger: ARPARA --- mark --- 2022-02-10: doDebugFlashRegions of display: DisplayDevice{virtual, "scrcpy"}
02-10 11:58:00.025   176   176 D SurfaceFlinger: ARPARA --- mark --- 2022-02-10: doComposition of display: DisplayDevice{virtual, "scrcpy"}
02-10 11:58:00.026   176   176 D SurfaceFlinger: IMX_VR -------- Layer: com.android.systemui.ImageWallpaper#0 isVr=0
02-10 11:58:00.026   176   176 D SurfaceFlinger: IMX_VR -------- Layer: com.android.launcher3/com.android.launcher3.Launcher#0 isVr=0
02-10 11:58:00.026   176   176 D SurfaceFlinger: IMX_VR -------- Layer: StatusBar#0 isVr=0
02-10 11:58:00.026   176   176 D SurfaceFlinger: IMX_VR -------- Layer: NavigationBar0#0 isVr=0
02-10 11:58:00.027   176   176 D SurfaceFlinger: IMX_VR -------- Layer: Overlay #1: 1920x1080, 320 dpi#0 isVr=0
02-10 11:58:00.039   176   191 I SurfaceFlinger: IMX_VR -------- createLayer for 6839847 Toast use (0 x 0), flags=80004, isVr=0
02-10 11:58:00.044   176   176 D SurfaceFlinger: ARPARA --- mark --- 2022-02-10: doCompositionFinished of display: DisplayDevice{virtual, "scrcpy"}
02-10 11:58:00.044   176   176 D SurfaceFlinger: ARPARA --- mark --- 2022-02-10: ------------------------------------------------------
02-10 11:58:00.045   176   176 D SurfaceFlinger: ARPARA --- mark --- 2022-02-10: beginnFrame of display: DisplayDevice{0, primary, "Internal display"}
02-10 11:58:00.045   176   176 D SurfaceFlinger: ARPARA --- mark --- 2022-02-10: prepareFrame of display: DisplayDevice{0, primary, "Internal display"}
02-10 11:58:00.046   176   176 D SurfaceFlinger: ARPARA --- mark --- 2022-02-10: doDebugFlashRegions of display: DisplayDevice{0, primary, "Internal display"}
02-10 11:58:00.046   176   176 D SurfaceFlinger: ARPARA --- mark --- 2022-02-10: doComposition of display: DisplayDevice{0, primary, "Internal display"}
02-10 11:58:00.046   176   176 D SurfaceFlinger: IMX_VR -------- Layer: com.android.systemui.ImageWallpaper#0 isVr=0
02-10 11:58:00.046   176   176 D SurfaceFlinger: IMX_VR -------- Layer: com.android.launcher3/com.android.launcher3.Launcher#0 isVr=0
02-10 11:58:00.046   176   176 D SurfaceFlinger: IMX_VR -------- Layer: StatusBar#0 isVr=0
02-10 11:58:00.046   176   176 D SurfaceFlinger: IMX_VR -------- Layer: NavigationBar0#0 isVr=0
02-10 11:58:00.046   176   176 D SurfaceFlinger: IMX_VR -------- Layer: Overlay #1: 1920x1080, 320 dpi#0 isVr=0
02-10 11:58:00.046   176   176 D SurfaceFlinger: ARPARA --- mark --- 2022-02-10: doCompositionFinished of display: DisplayDevice{0, primary, "Internal display"}
02-10 11:58:00.046   176   176 D SurfaceFlinger: ARPARA --- mark --- 2022-02-10: ------------------------------------------------------
02-10 11:58:00.054   176   435 I SurfaceFlinger: IMX_VR -------- createLayer for Toast use (433 x 98), flags=4, isVr=0
02-10 11:58:00.056   176   176 D SurfaceFlinger: ARPARA --- mark --- 2022-02-10: beginnFrame of display: DisplayDevice{virtual, "Overlay #1"}
02-10 11:58:00.056   176   176 D SurfaceFlinger: ARPARA --- mark --- 2022-02-10: prepareFrame of display: DisplayDevice{virtual, "Overlay #1"}
02-10 11:58:00.056   176   176 D SurfaceFlinger: ARPARA --- mark --- 2022-02-10: doDebugFlashRegions of display: DisplayDevice{virtual, "Overlay #1"}
02-10 11:58:00.056   176   176 D SurfaceFlinger: ARPARA --- mark --- 2022-02-10: doComposition of display: DisplayDevice{virtual, "Overlay #1"}
02-10 11:58:00.056   176   176 D SurfaceFlinger: IMX_VR -------- Layer: com.android.settings/com.android.settings.Settings#0 isVr=0
02-10 11:58:00.057   176   176 D SurfaceFlinger: IMX_VR -------- Layer: SurfaceView - com.android.gallery3d/com.android.gallery3d.app.GalleryActivity#0 isVr=0
02-10 11:58:00.057   176   176 D SurfaceFlinger: IMX_VR -------- Layer: com.android.gallery3d/com.android.gallery3d.app.GalleryActivity#0 isVr=0
02-10 11:58:00.057   176   176 D SurfaceFlinger: IMX_VR -------- Layer: SnapshotStartingWindow for taskId=49#0 isVr=0
02-10 11:58:00.066   176   176 D SurfaceFlinger: ARPARA --- mark --- 2022-02-10: doCompositionFinished of display: DisplayDevice{virtual, "Overlay #1"}
02-10 11:58:00.066   176   176 D SurfaceFlinger: ARPARA --- mark --- 2022-02-10: ------------------------------------------------------
02-10 11:58:00.066   176   176 D SurfaceFlinger: ARPARA --- mark --- 2022-02-10: beginnFrame of display: DisplayDevice{virtual, "scrcpy"}
02-10 11:58:00.066   176   176 D SurfaceFlinger: ARPARA --- mark --- 2022-02-10: prepareFrame of display: DisplayDevice{virtual, "scrcpy"}
02-10 11:58:00.066   176   176 D SurfaceFlinger: ARPARA --- mark --- 2022-02-10: doDebugFlashRegions of display: DisplayDevice{virtual, "scrcpy"}
02-10 11:58:00.066   176   176 D SurfaceFlinger: ARPARA --- mark --- 2022-02-10: doComposition of display: DisplayDevice{virtual, "scrcpy"}
02-10 11:58:00.068   176   176 D SurfaceFlinger: IMX_VR -------- Layer: com.android.systemui.ImageWallpaper#0 isVr=0
02-10 11:58:00.068   176   176 D SurfaceFlinger: IMX_VR -------- Layer: com.android.launcher3/com.android.launcher3.Launcher#0 isVr=0
02-10 11:58:00.068   176   176 D SurfaceFlinger: IMX_VR -------- Layer: StatusBar#0 isVr=0
02-10 11:58:00.068   176   176 D SurfaceFlinger: IMX_VR -------- Layer: NavigationBar0#0 isVr=0
02-10 11:58:00.069   176   176 D SurfaceFlinger: IMX_VR -------- Layer: Overlay #1: 1920x1080, 320 dpi#0 isVr=0
02-10 11:58:00.073   176   191 I SurfaceFlinger: IMX_VR -------- createLayer for Surface(name=6839847 Toast)/@0xe3c07c2 - animation-leash use (0 x 0), flags=80004, isVr=0
02-10 11:58:00.084   176   176 D SurfaceFlinger: ARPARA --- mark --- 2022-02-10: doCompositionFinished of display: DisplayDevice{virtual, "scrcpy"}
02-10 11:58:00.084   176   176 D SurfaceFlinger: ARPARA --- mark --- 2022-02-10: ------------------------------------------------------
02-10 11:58:00.084   176   176 D SurfaceFlinger: ARPARA --- mark --- 2022-02-10: beginnFrame of display: DisplayDevice{0, primary, "Internal display"}
02-10 11:58:00.084   176   176 D SurfaceFlinger: ARPARA --- mark --- 2022-02-10: prepareFrame of display: DisplayDevice{0, primary, "Internal display"}
02-10 11:58:00.085   176   176 D SurfaceFlinger: ARPARA --- mark --- 2022-02-10: doDebugFlashRegions of display: DisplayDevice{0, primary, "Internal display"}
02-10 11:58:00.086   176   176 D SurfaceFlinger: ARPARA --- mark --- 2022-02-10: doComposition of display: DisplayDevice{0, primary, "Internal display"}
02-10 11:58:00.086   176   176 D SurfaceFlinger: IMX_VR -------- Layer: com.android.systemui.ImageWallpaper#0 isVr=0
02-10 11:58:00.086   176   176 D SurfaceFlinger: IMX_VR -------- Layer: com.android.launcher3/com.android.launcher3.Launcher#0 isVr=0
02-10 11:58:00.086   176   176 D SurfaceFlinger: IMX_VR -------- Layer: StatusBar#0 isVr=0
02-10 11:58:00.086   176   176 D SurfaceFlinger: IMX_VR -------- Layer: NavigationBar0#0 isVr=0
02-10 11:58:00.086   176   176 D SurfaceFlinger: IMX_VR -------- Layer: Overlay #1: 1920x1080, 320 dpi#0 isVr=0
02-10 11:58:00.086   176   176 D SurfaceFlinger: ARPARA --- mark --- 2022-02-10: doCompositionFinished of display: DisplayDevice{0, primary, "Internal display"}
02-10 11:58:00.086   176   176 D SurfaceFlinger: ARPARA --- mark --- 2022-02-10: ------------------------------------------------------
02-10 11:58:00.094   176   176 D SurfaceFlinger: ARPARA --- mark --- 2022-02-10: beginnFrame of display: DisplayDevice{virtual, "Overlay #1"}
02-10 11:58:00.094   176   176 D SurfaceFlinger: ARPARA --- mark --- 2022-02-10: prepareFrame of display: DisplayDevice{virtual, "Overlay #1"}
02-10 11:58:00.094   176   176 D SurfaceFlinger: ARPARA --- mark --- 2022-02-10: doDebugFlashRegions of display: DisplayDevice{virtual, "Overlay #1"}
02-10 11:58:00.094   176   176 D SurfaceFlinger: ARPARA --- mark --- 2022-02-10: doComposition of display: DisplayDevice{virtual, "Overlay #1"}
02-10 11:58:00.094   176   176 D SurfaceFlinger: IMX_VR -------- Layer: com.android.settings/com.android.settings.Settings#0 isVr=0
02-10 11:58:00.094   176   176 D SurfaceFlinger: IMX_VR -------- Layer: SurfaceView - com.android.gallery3d/com.android.gallery3d.app.GalleryActivity#0 isVr=0
02-10 11:58:00.095   176   176 D SurfaceFlinger: IMX_VR -------- Layer: com.android.gallery3d/com.android.gallery3d.app.GalleryActivity#0 isVr=0
02-10 11:58:00.095   176   176 D SurfaceFlinger: IMX_VR -------- Layer: SnapshotStartingWindow for taskId=49#0 isVr=0
02-10 11:58:00.100   176   176 D SurfaceFlinger: ARPARA --- mark --- 2022-02-10: doCompositionFinished of display: DisplayDevice{virtual, "Overlay #1"}
02-10 11:58:00.100   176   176 D SurfaceFlinger: ARPARA --- mark --- 2022-02-10: ------------------------------------------------------
02-10 11:58:00.100   176   176 D SurfaceFlinger: ARPARA --- mark --- 2022-02-10: beginnFrame of display: DisplayDevice{virtual, "scrcpy"}
02-10 11:58:00.100   176   176 D SurfaceFlinger: ARPARA --- mark --- 2022-02-10: prepareFrame of display: DisplayDevice{virtual, "scrcpy"}
02-10 11:58:00.100   176   176 D SurfaceFlinger: ARPARA --- mark --- 2022-02-10: doDebugFlashRegions of display: DisplayDevice{virtual, "scrcpy"}
02-10 11:58:00.100   176   176 D SurfaceFlinger: ARPARA --- mark --- 2022-02-10: doComposition of display: DisplayDevice{virtual, "scrcpy"}
02-10 11:58:00.101   176   176 D SurfaceFlinger: IMX_VR -------- Layer: com.android.systemui.ImageWallpaper#0 isVr=0
02-10 11:58:00.101   176   176 D SurfaceFlinger: IMX_VR -------- Layer: com.android.launcher3/com.android.launcher3.Launcher#0 isVr=0
02-10 11:58:00.101   176   176 D SurfaceFlinger: IMX_VR -------- Layer: StatusBar#0 isVr=0
02-10 11:58:00.101   176   176 D SurfaceFlinger: IMX_VR -------- Layer: NavigationBar0#0 isVr=0
02-10 11:58:00.101   176   176 D SurfaceFlinger: IMX_VR -------- Layer: Overlay #1: 1920x1080, 320 dpi#0 isVr=0
02-10 11:58:00.115   176   176 D SurfaceFlinger: ARPARA --- mark --- 2022-02-10: doCompositionFinished of display: DisplayDevice{virtual, "scrcpy"}
02-10 11:58:00.115   176   176 D SurfaceFlinger: ARPARA --- mark --- 2022-02-10: ------------------------------------------------------
02-10 11:58:00.115   176   176 D SurfaceFlinger: ARPARA --- mark --- 2022-02-10: beginnFrame of display: DisplayDevice{0, primary, "Internal display"}
02-10 11:58:00.115   176   176 D SurfaceFlinger: ARPARA --- mark --- 2022-02-10: prepareFrame of display: DisplayDevice{0, primary, "Internal display"}
02-10 11:58:00.116   176   176 D SurfaceFlinger: ARPARA --- mark --- 2022-02-10: doDebugFlashRegions of display: DisplayDevice{0, primary, "Internal display"}
